<html>
<body>
<pre>
<h1>礦ision Build Log</h1>
<h2>Tool Versions:</h2>
IDE-Version: μVision V5.24.2.0
Copyright (C) 2017 ARM Ltd and ARM Germany GmbH. All rights reserved.
License Information: 1 1, 1, LIC=ATTQ1-C65DI-PCPJ8-3T544-JGC9Z-BV7WU
 
Tool Versions:
Toolchain:       MDK-ARM Plus  Version: 5.24.1
Toolchain Path:  D:\app\Keil_v5\ARM\ARMCC\Bin
C Compiler:      Armcc.exe V5.06 update 5 (build 528)
Assembler:       Armasm.exe V5.06 update 5 (build 528)
Linker/Locator:  ArmLink.exe V5.06 update 5 (build 528)
Library Manager: ArmAr.exe V5.06 update 5 (build 528)
Hex Converter:   FromElf.exe V5.06 update 5 (build 528)
CPU DLL:         SARMCM3.DLL V5.24.1
Dialog DLL:      DCM.DLL V1.16.0.0
Target DLL:      STLink\ST-LINKIII-KEIL_SWO.dll V3.0.1.0
Dialog DLL:      TCM.DLL V1.32.0.0
 
<h2>Project:</h2>
D:\data\Smart_Agriculture\prodata\ruanzhu_cxy\智慧农业4_STM32端代码3.6\智慧农业4_STM32端代码2.27\智慧农业4\USER\ADC.uvprojx
Project File Date:  03/06/2025

<h2>Output:</h2>
*** Using Compiler 'V5.06 update 5 (build 528)', folder: 'D:\app\Keil_v5\ARM\ARMCC\Bin'
Build target 'ADC'
compiling main.c...
include.h(16): warning:  #1-D: last line of file ends without a newline
  #endif
main.c(59): warning:  #177-D: variable "zheng"  was declared but never referenced
  	u16 zheng;
main.c(60): warning:  #177-D: variable "temp1"  was declared but never referenced
  	double temp1,level;
main.c(60): warning:  #177-D: variable "level"  was declared but never referenced
  	double temp1,level;
main.c(61): warning:  #177-D: variable "shidu"  was declared but never referenced
   	u16 shidu,shuiwei;
main.c(61): warning:  #177-D: variable "shuiwei"  was declared but never referenced
   	u16 shidu,shuiwei;
main.c(63): warning:  #177-D: variable "i"  was declared but never referenced
    int i;
main.c(64): warning:  #177-D: variable "temp"  was declared but never referenced
  	u16 temp;
main.c(65): warning:  #177-D: variable "humi"  was declared but never referenced
  	u16 humi;
main.c: 9 warnings, 0 errors
linking...
Program Size: Code=12336 RO-data=424 RW-data=92 ZI-data=1860  
FromELF: creating hex file...
"..\OBJ\ADC.axf" - 0 Error(s), 9 Warning(s).

<h2>Software Packages used:</h2>

Package Vendor: Keil
                https://www.keil.com/pack/Keil.STM32F4xx_DFP.2.17.1.pack
                Keil.STM32F4xx_DFP.2.17.1
                STMicroelectronics STM32F4 Series Device Support, Drivers and Examples

<h2>Collection of Component include folders:</h2>
  .\RTE\_ADC
  D:\app\Keil_v5\ARM\Keil\STM32F4xx_DFP\2.17.1\Drivers\CMSIS\Device\ST\STM32F4xx\Include

<h2>Collection of Component Files used:</h2>
Build Time Elapsed:  00:00:01
</pre>
</body>
</html>
