<html>
<body>
<pre>
<h1>µVision Build Log</h1>
<h2>Tool Versions:</h2>
IDE-Version: ¦ÌVision V5.38.0.0
Copyright (C) 2022 ARM Ltd and ARM Germany GmbH. All rights reserved.
License Information: LILI zhengbo, JXUST, LIC=JL28G-V2SKJ-2ZRW4-FF4NS-VBYK5-MQETM
 
Tool Versions:
Toolchain:       MDK-ARM Plus  Version: 5.24.1
Toolchain Path:  D:\BaiduNetdiskDownload\Keil_v5\ARM\ARMCC\Bin
C Compiler:      Armcc.exe V5.06 update 5 (build 528)
Assembler:       Armasm.exe V5.06 update 5 (build 528)
Linker/Locator:  ArmLink.exe V5.06 update 5 (build 528)
Library Manager: ArmAr.exe V5.06 update 5 (build 528)
Hex Converter:   FromElf.exe V5.06 update 5 (build 528)
CPU DLL:         SARMCM3.DLL V5.24.1
Dialog DLL:      DCM.DLL V1.16.0.0
Target DLL:      STLink\ST-LINKIII-KEIL_SWO.dll V3.0.1.0
Dialog DLL:      TCM.DLL V1.32.0.0
 
<h2>Project:</h2>
D:\About_Competitions_and_Projects\innova_agri_agent\code\stm32\lora_test\stm32¡ª¡ª³ÂÓû»Í\USER\ADC.uvprojx
Project File Date:  06/21/2026

<h2>Output:</h2>
*** Using Compiler 'V5.06 update 5 (build 528)', folder: 'D:\BaiduNetdiskDownload\Keil_v5\ARM\ARMCC\Bin'
Rebuild target 'ADC'
assembling startup_stm32f40_41xxx.s...
compiling delay.c...
compiling stm32f4xx_it.c...
compiling sys.c...
compiling system_stm32f4xx.c...
compiling stm32f4xx_fsmc.c...
compiling stm32f4xx_gpio.c...
compiling misc.c...
compiling main.c...
compiling stm32f4xx_adc.c...
compiling stm32f4xx_rcc.c...
compiling stm32f4xx_usart.c...
compiling stm32f4xx_syscfg.c...
linking...
Program Size: Code=1504 RO-data=424 RW-data=20 ZI-data=1028  
FromELF: creating hex file...
"..\OBJ\ADC.axf" - 0 Error(s), 0 Warning(s).

<h2>Software Packages used:</h2>

Package Vendor: Keil
                http://www.keil.com/pack/Keil.STM32F4xx_DFP.1.0.8.pack
                Keil.STM32F4xx_DFP.1.0.8
                STMicroelectronics STM32F4 Series Device Support, Drivers and Examples

<h2>Collection of Component include folders:</h2>
  D:/BaiduNetdiskDownload/Keil_v5/ARM/PACK/Keil/STM32F4xx_DFP/1.0.8/Device/Include

<h2>Collection of Component Files used:</h2>
Build Time Elapsed:  00:00:02
</pre>
</body>
</html>
